[olinsd.wixsite.com/kangaroojump.html]
[backblue.gif]
[fade.gif]
[index.html]
[olinsd.wixsite.com/sitemap.xml]
[olinsd.wixsite.com/feed.xml]
[browser.sentry-cdn.com/4.6.2/bundle.min.js]
[static.parastorage.com/unpkg/requirejs-bolt@2.3.6/requirejs.min.js]
[static.parastorage.com/services/wix-bolt/1.2464.0/bolt-main/app/main-r.min.js]
[static.parastorage.com/services/wix-bolt/1.2464.0/node_modules/wix-santa/static/css/viewer.min.css]
[static.parastorage.com/services/santa-resources/resources/viewer/user-site-fonts/v5/languages.css]
[static.parastorage.com/services/skins/2.1229.80/images/wysiwyg/core/themes/base/cursor_zoom_out.png]
[static.parastorage.com/services/skins/2.1229.80/images/wysiwyg/core/themes/base/cursor_zoom_in.png]
[static.wixstatic.com/media/3268e5_e41eb5548aed49eb8df5176c9a5a41c4_mv2.png/v1/fill/w_76,h_83,al_c,usm_0.66_1.00_0.01,blur_3/Kangaroo-A.png]
[static.wixstatic.com/media/3268e5_2e59876b59e140a78dfae4dd90f51aea_mv2.png/v1/fill/w_218,h_323,al_c,usm_0.66_1.00_0.01,blur_2/GameScreen.png]
[static.wixstatic.com/media/3268e5_6e2adaadcc5545a8a53d9f0479500b0f_mv2.png/v1/fill/w_64,h_12,al_c,usm_0.66_1.00_0.01,blur_3/green_grass_platform_PNG.png]
[static.wixstatic.com/media/3268e5_982a1092b4cf4cc3a76f63a2da480624_mv2.png/v1/fill/w_174,h_170,al_c,usm_0.66_1.00_0.01,blur_2/Game Intro 2.png]
[olinsd.wixsite.com/kangaroojump/demo.html]
[static.wixstatic.com/media/3268e5_69ae92e3dc5349969e2d211bc18d3e95_mv2_d_1424_1256_s_2.png/v1/fill/w_79,h_70,al_c,usm_0.66_1.00_0.01,blur_3/Kangaroo-B.png]
[static.wixstatic.com/media/0da768_0c5ce9e2ffa442bea0b79b690223a939_mv2.png]
[olinsd.wixsite.com/kangaroojump.html]
[olinsd.wixsite.com/sitemap.html]
[olinsd.wixsite.com/feed.html]
[static.parastorage.com/services/wix-bolt/1.2464.0/node_modules/wix-santa/static/css/viewer.min.css]
[static.parastorage.com/services/santa-resources/resources/viewer/user-site-fonts/v5/languages.css]
[olinsd.wixsite.com/kangaroojump/copy-of-team.html]
[olinsd.wixsite.com/kangaroojump/copy-of-demo.html]
[olinsd.wixsite.com/kangaroojump/copy-of-demo-1.html]
[olinsd.wixsite.com/kangaroojump/robots.14.delayed]
[olinsd.wixsite.com/kangaroojump/sitemap.xml]
[olinsd.wixsite.com/kangaroojump/feed.xml]
[olinsd.wixsite.com/kangaroojump/demo.html]
[static.wixstatic.com/media/3268e5_7c0c3fe705b445f6a0cbd6736f02739b_mv2.png/v1/fill/w_174,h_277,al_c,usm_0.66_1.00_0.01,blur_2/P1.png]
[static.wixstatic.com/media/3268e5_1b2911ac9a314327bf037643f1f0a477_mv2.png/v1/fill/w_174,h_277,al_c,usm_0.66_1.00_0.01,blur_2/P2.png]
[static.wixstatic.com/media/3268e5_80d30e12049b4f9ba82adbb5e7d1f4da_mv2.png/v1/fill/w_187,h_277,al_c,usm_0.66_1.00_0.01,blur_2/P3.png]
[static.wixstatic.com/media/3268e5_6e2adaadcc5545a8a53d9f0479500b0f_mv2.png/v1/fill/w_80,h_15,al_c,blur_3/green_grass_platform_PNG.png]
[static.wixstatic.com/media/3268e5_58d31beb71db49948d9c250ed2567be5_mv2.png/v1/fill/w_51,h_60,al_c,usm_0.66_1.00_0.01,blur_3/Ninja Icon.png]
[static.wixstatic.com/media/3268e5_69ae92e3dc5349969e2d211bc18d3e95_mv2_d_1424_1256_s_2.png/v1/fill/w_68,h_60,al_c,usm_0.66_1.00_0.01,blur_3/Kangaroo-B.png]
[static.wixstatic.com/media/3268e5_87fa32772db2467baf3d17483c7c5aab_mv2.png/v1/fill/w_202,h_322,al_c,usm_0.66_1.00_0.01,blur_2/Ninja Mockup.png]
[static.wixstatic.com/media/3268e5_6e2adaadcc5545a8a53d9f0479500b0f_mv2.png/v1/fill/w_53,h_10,al_c,usm_0.66_1.00_0.01,blur_3/green_grass_platform_PNG.png]
[static.wixstatic.com/media/3268e5_2ef35de776ce45299f28f9b00a02cbba_mv2.png/v1/fill/w_227,h_135,al_c,usm_0.66_1.00_0.01,blur_2/UML1.png]
[static.wixstatic.com/media/3268e5_b0d716e2852b475e90ccbb2991c98577_mv2.png/v1/fill/w_225,h_100,al_c,usm_0.66_1.00_0.01,blur_2/UML3.png]
[olinsd.wixsite.com/kangaroojump/copy-of-demo-1.html]
[static.wixstatic.com/media/3268e5_20fa6f4a54dd410f9822ed508d220523_mv2_d_1424_1256_s_2.png/v1/fill/w_136,h_120,al_c,usm_0.66_1.00_0.01,blur_3/Kangaroo-B copy 2.png]
[static.wixstatic.com/media/3268e5_68ab765f57194a629403df59568c6ae5_mv2_d_1424_1256_s_2.png/v1/fill/w_136,h_120,al_c,usm_0.66_1.00_0.01,blur_3/Kangaroo-B copy.png]
[static.wixstatic.com/media/3268e5_0fee9dfd766c4508b3fe74345012a27b_mv2_d_1424_1256_s_2.png/v1/fill/w_136,h_120,al_c,usm_0.66_1.00_0.01,blur_3/Kangaroo-B.png]
[static.wixstatic.com/media/3268e5_45a96132b64a4248979745e9551002f8_mv2.png/v1/fill/w_156,h_46,al_c,usm_0.66_1.00_0.01,blur_3/pygame-logo_e78e57db3000.png]
[olinsd.wixsite.com/kangaroojump/copy-of-demo.html]
[olinsd.wixsite.com/kangaroojump/copy-of-team.html]
[olinsd.wixsite.com/kangaroojump/robots.html]
[olinsd.wixsite.com/kangaroojump/feed.html]
